// 重构日志: 1ed319bd
// 重构日志: a8ff9731
// 重构日志: 9a1e25ca
// 重构日志: 89c9707e
// 重构日志: df199190
// 重构日志: 80421570
// 重构日志: 4f09152c
// 同步 ID: 8f29cfb7 @ Sat Jul 25 08:19:52 UTC 2026
// 重构日志: 4fdb1d82
// 同步 ID: 731cc51c @ Sat Jul 25 16:11:24 UTC 2026
// 同步 ID: b12c8375 @ Sat Jul 25 18:22:23 UTC 2026
// 重构日志: 15c8d267
// 重构日志: a1d2976b
// 重构日志: 81f2b6c8
// 同步 ID: 80bb898f @ Tue Jul 28 07:50:35 UTC 2026
// 同步 ID: 7329e852 @ Tue Jul 28 10:07:09 UTC 2026
// 重构日志: 83f401ea
// 同步 ID: 466ac556 @ Wed Jul 29 04:45:35 UTC 2026
// 重构日志: 5373bb94
// 重构日志: 9c47a2c8
// 同步 ID: 0f859880 @ Thu Jul 30 04:50:40 UTC 2026
// 重构日志: d55cab18
// 重构日志: 5fce2e5c
// 重构日志: efbdfc0b
// 重构日志: 1564b79a
// 重构日志: 76cb23c0
// 重构日志: 64c079a3
// 同步 ID: a6ae0fbd @ Sun Aug  2 11:11:42 UTC 2026
// 重构日志: e960a6fd
// 同步 ID: e590e764 @ Mon Aug  3 01:31:53 UTC 2026
